Crashlog created at 2022-09-08 14:13:58 +0200

===== MESSAGE:

Nanoc::Core::ConfigLoader::NoConfigFileFoundError: No configuration file found

===== STACK TRACE:

  0. /home/lukas/.gem/ruby/3.0.0/gems/nanoc-core-4.12.6/lib/nanoc/core/config_loader.rb:40:in `new_from_cwd'
  1. /home/lukas/.gem/ruby/3.0.0/gems/nanoc-cli-4.12.6/lib/nanoc/cli/commands/view.rb:22:in `run'
  2. /home/lukas/.gem/ruby/3.0.0/gems/nanoc-cli-4.12.6/lib/nanoc/cli/command_runner.rb:15:in `block in call'
  3. /home/lukas/.gem/ruby/3.0.0/gems/nanoc-cli-4.12.6/lib/nanoc/cli/error_handler.rb:15:in `block in handle_while'
  4. /home/lukas/.gem/ruby/3.0.0/gems/nanoc-cli-4.12.6/lib/nanoc/cli/error_handler.rb:57:in `handle_while'
  5. /home/lukas/.gem/ruby/3.0.0/gems/nanoc-cli-4.12.6/lib/nanoc/cli/error_handler.rb:15:in `handle_while'
  6. /home/lukas/.gem/ruby/3.0.0/gems/nanoc-cli-4.12.6/lib/nanoc/cli/command_runner.rb:14:in `call'
  7. /usr/lib/ruby/gems/3.0.0/gems/cri-2.15.11/lib/cri/command_dsl.rb:294:in `block in runner'
  8. /usr/lib/ruby/gems/3.0.0/gems/cri-2.15.11/lib/cri/command.rb:362:in `run_this'
  9. /usr/lib/ruby/gems/3.0.0/gems/cri-2.15.11/lib/cri/command.rb:298:in `run'
  10. /usr/lib/ruby/gems/3.0.0/gems/cri-2.15.11/lib/cri/command.rb:316:in `run'
  11. /home/lukas/.gem/ruby/3.0.0/gems/nanoc-cli-4.12.6/lib/nanoc/cli.rb:88:in `block in run'
  12. /home/lukas/.gem/ruby/3.0.0/gems/nanoc-cli-4.12.6/lib/nanoc/cli/error_handler.rb:15:in `block in handle_while'
  13. /home/lukas/.gem/ruby/3.0.0/gems/nanoc-cli-4.12.6/lib/nanoc/cli/error_handler.rb:57:in `handle_while'
  14. /home/lukas/.gem/ruby/3.0.0/gems/nanoc-cli-4.12.6/lib/nanoc/cli/error_handler.rb:15:in `handle_while'
  15. /home/lukas/.gem/ruby/3.0.0/gems/nanoc-cli-4.12.6/lib/nanoc/cli.rb:86:in `run'
  16. /home/lukas/.gem/ruby/3.0.0/gems/nanoc-4.12.6/bin/nanoc:18:in `<top (required)>'
  17. /usr/bin/nanoc:23:in `load'

===== VERSION INFORMATION:

Nanoc 4.12.6 © 2007–2022 Denis Defreyne.
Running ruby 3.0.4 (2022-04-12) on x86_64-linux with RubyGems 3.3.8.

===== SYSTEM INFORMATION:

Linux lw 5.17.9-arch1-1 #1 SMP PREEMPT Wed, 18 May 2022 17:30:11 +0000 x86_64 GNU/Linux

===== INSTALLED GEMS:

  abbrev 0.1.0
  addressable 2.8.0
  adsf 1.4.6
  async 1.30.2
  async-container 0.16.12
  async-http 0.56.6
  async-http-cache 0.4.2
  async-io 1.33.0
  async-pool 0.3.10
  base64 0.1.0
  benchmark 0.1.1
  bigdecimal 3.0.0
  build-environment 1.13.0
  bundler 2.3.14
  cgi 0.2.1
  colored 1.2
  concurrent-ruby 1.1.10
  console 1.15.3
  cri 2.15.11
  csv 3.1.9
  daemons 1.4.1
  date 3.1.3
  dbm 1.1.0
  ddmetrics 1.0.1
  ddplugin 1.0.3
  debug 0.2.1
  delegate 0.2.0
  did_you_mean 1.5.0
  diff-lcs 1.5.0
  digest 3.0.0
  drb 2.0.5
  english 0.7.1
  erb 2.2.0
  etc 1.3.0
  eventmachine 1.2.7
  falcon 0.39.2
  fcntl 1.0.1
  fiber-local 1.0.0
  fiddle 1.0.8
  fileutils 1.5.0
  find 0.1.0
  forwardable 1.3.2
  gdbm 2.1.0
  getoptlong 0.1.1
  hamster 3.0.0
  io-console 0.5.7
  io-nonblock 0.1.0
  io-wait 0.2.0
  ipaddr 1.2.2
  irb 1.4.1
  json 2.5.1
  json_schema 0.21.0
  localhost 1.1.9
  logger 1.4.3
  mapping 1.1.1
  matrix 0.3.1
  memo_wise 1.7.0
  mutex_m 0.1.1
  nanoc 4.12.6
  nanoc-checking 1.0.2
  nanoc-cli 4.12.6
  nanoc-core 4.12.6
  nanoc-deploying 1.0.2
  net-ftp 0.1.2
  net-http 0.1.1
  net-imap 0.1.1
  net-pop 0.1.1
  net-protocol 0.1.1
  net-smtp 0.2.1
  nio4r 2.5.8
  nkf 0.1.0
  observer 0.1.1
  open-uri 0.1.0
  open3 0.1.1
  openssl 2.2.1
  optparse 0.1.1
  ostruct 0.3.1
  parallel 1.22.1
  pastel 0.8.0
  pathname 0.1.0
  pp 0.2.1
  prettyprint 0.1.1
  prime 0.1.2
  process-metrics 0.2.1
  protocol-hpack 1.4.2
  protocol-http 0.22.6
  protocol-http1 0.14.4
  protocol-http2 0.14.2
  pstore 0.1.1
  psych 3.3.2, 4.0.4
  public_suffix 4.0.7
  puma 5.6.4
  racc 1.5.2
  rack 2.2.3
  rdoc 6.4.0
  readline 0.0.2
  readline-ext 0.1.1
  reline 0.2.5, 0.3.1
  resolv 0.2.1
  resolv-replace 0.1.0
  rinda 0.1.1
  samovar 2.1.4
  securerandom 0.1.0
  set 1.0.1
  shellwords 0.1.0
  singleton 0.1.1
  slow_enumerator_tools 1.1.0
  stringio 3.0.1, 3.0.2
  strscan 3.0.1
  syslog 0.1.0
  tempfile 0.1.1
  thin 1.8.1
  time 0.1.0
  timeout 0.1.1
  timers 4.3.3
  tmpdir 0.1.2
  tracer 0.1.1
  traces 0.4.1
  tsort 0.1.0
  tty-color 0.6.0
  tty-command 0.10.1
  tty-platform 0.3.0
  tty-which 0.5.0
  un 0.1.0
  uri 0.10.1
  weakref 0.1.1
  webrick 1.7.0
  yaml 0.1.1
  zeitwerk 2.5.4
  zlib 2.0.0

===== LOAD PATHS:

  0. /usr/lib/ruby/gems/3.0.0/gems/public_suffix-4.0.7/lib
  1. /usr/lib/ruby/gems/3.0.0/gems/addressable-2.8.0/lib
  2. /home/lukas/.gem/ruby/3.0.0/gems/colored-1.2/lib
  3. /usr/lib/ruby/gems/3.0.0/gems/cri-2.15.11/lib
  4. /home/lukas/.gem/ruby/3.0.0/gems/diff-lcs-1.5.0/lib
  5. /home/lukas/.gem/ruby/3.0.0/gems/concurrent-ruby-1.1.10/lib/concurrent-ruby
  6. /home/lukas/.gem/ruby/3.0.0/gems/ddmetrics-1.0.1/lib
  7. /home/lukas/.gem/ruby/3.0.0/gems/ddplugin-1.0.3/lib
  8. /home/lukas/.gem/ruby/3.0.0/gems/hamster-3.0.0/lib
  9. /home/lukas/.gem/ruby/3.0.0/gems/json_schema-0.21.0/lib
  10. /home/lukas/.gem/ruby/3.0.0/gems/memo_wise-1.7.0/lib
  11. /home/lukas/.gem/ruby/3.0.0/gems/slow_enumerator_tools-1.1.0/lib
  12. /home/lukas/.gem/ruby/3.0.0/gems/tty-platform-0.3.0/lib
  13. /home/lukas/.gem/ruby/3.0.0/gems/zeitwerk-2.5.4/lib
  14. /home/lukas/.gem/ruby/3.0.0/gems/nanoc-core-4.12.6/lib
  15. /home/lukas/.gem/ruby/3.0.0/gems/nanoc-cli-4.12.6/lib
  16. /home/lukas/.gem/ruby/3.0.0/gems/nanoc-checking-1.0.2/lib
  17. /home/lukas/.gem/ruby/3.0.0/gems/nanoc-deploying-1.0.2/lib
  18. /home/lukas/.gem/ruby/3.0.0/gems/parallel-1.22.1/lib
  19. /home/lukas/.gem/ruby/3.0.0/gems/tty-color-0.6.0/lib
  20. /home/lukas/.gem/ruby/3.0.0/gems/pastel-0.8.0/lib
  21. /home/lukas/.gem/ruby/3.0.0/gems/tty-command-0.10.1/lib
  22. /home/lukas/.gem/ruby/3.0.0/gems/tty-which-0.5.0/lib
  23. /home/lukas/.gem/ruby/3.0.0/gems/nanoc-4.12.6/lib
  24. /usr/lib/ruby/gems/3.0.0/gems/stringio-3.0.2/lib
  25. /usr/lib/ruby/gems/3.0.0/extensions/x86_64-linux/3.0.0/stringio-3.0.2
  26. /usr/lib/ruby/gems/3.0.0/gems/psych-4.0.4/lib
  27. /usr/lib/ruby/gems/3.0.0/extensions/x86_64-linux/3.0.0/psych-4.0.4
  28. /usr/lib/ruby/gems/3.0.0/gems/rack-2.2.3/lib
  29. /home/lukas/.gem/ruby/3.0.0/gems/adsf-1.4.6/lib
  30. /usr/lib/ruby/site_ruby/3.0.0
  31. /usr/lib/ruby/site_ruby/3.0.0/x86_64-linux
  32. /usr/lib/ruby/site_ruby
  33. /usr/lib/ruby/vendor_ruby/3.0.0
  34. /usr/lib/ruby/vendor_ruby/3.0.0/x86_64-linux
  35. /usr/lib/ruby/vendor_ruby
  36. /usr/lib/ruby/3.0.0
  37. /usr/lib/ruby/3.0.0/x86_64-linux
